// Jest Snapshot v1, https://goo.gl/fbAQLP

exports[`renders correctly 1`] = `
<RCTSafeAreaView
  emulateUnlessSupported={true}
  style={
    Object {
      "alignItems": "center",
      "backgroundColor": "#fff",
      "flex": 1,
      "flexDirection": "column",
    }
  }
>
  <View
    accessibilityIgnoresInvertColors={true}
    style={
      Object {
        "bottom": 0,
        "height": 327.33812949640287,
        "position": "absolute",
        "width": "100%",
      }
    }
  >
    <Image
      source={1}
      style={
        Array [
          Object {
            "bottom": 0,
            "left": 0,
            "position": "absolute",
            "right": 0,
            "top": 0,
          },
          Object {
            "height": 327.33812949640287,
            "width": "100%",
          },
          undefined,
        ]
      }
    />
  </View>
  <Text
    style={
      Object {
        "fontFamily": "Ubuntu-Medium",
        "fontSize": 20,
        "marginTop": "5%",
      }
    }
  >
    Add a Restaurant
  </Text>
  <View
    onLayout={[Function]}
    style={
      Array [
        Object {
          "alignItems": "center",
          "height": "60%",
          "marginTop": "5%",
          "width": "80%",
        },
        Object {
          "paddingBottom": 0,
        },
      ]
    }
  >
    <TextInput
      allowFontScaling={true}
      onChangeText={[Function]}
      placeholder="Name"
      rejectResponderTermination={true}
      style={
        Object {
          "borderBottomWidth": 1,
          "borderColor": "#404040",
          "fontFamily": "Ubuntu",
          "fontSize": 12,
          "height": "8%",
          "marginBottom": "8%",
          "paddingHorizontal": 5,
          "width": "100%",
        }
      }
      underlineColorAndroid="transparent"
      value=""
    />
    <TextInput
      allowFontScaling={true}
      onChangeText={[Function]}
      placeholder="Description"
      rejectResponderTermination={true}
      style={
        Object {
          "borderBottomWidth": 1,
          "borderColor": "#404040",
          "fontFamily": "Ubuntu",
          "fontSize": 12,
          "height": "8%",
          "marginBottom": "8%",
          "paddingHorizontal": 5,
          "width": "100%",
        }
      }
      underlineColorAndroid="transparent"
      value=""
    />
    <TextInput
      allowFontScaling={true}
      onChangeText={[Function]}
      placeholder="Location"
      rejectResponderTermination={true}
      style={
        Object {
          "borderBottomWidth": 1,
          "borderColor": "#404040",
          "fontFamily": "Ubuntu",
          "fontSize": 12,
          "height": "8%",
          "marginBottom": "8%",
          "paddingHorizontal": 5,
          "width": "100%",
        }
      }
      underlineColorAndroid="transparent"
      value=""
    />
    <TextInput
      allowFontScaling={true}
      onChangeText={[Function]}
      placeholder="Operating Hours"
      rejectResponderTermination={true}
      style={
        Object {
          "borderBottomWidth": 1,
          "borderColor": "#404040",
          "fontFamily": "Ubuntu",
          "fontSize": 12,
          "height": "8%",
          "marginBottom": "8%",
          "paddingHorizontal": 5,
          "width": "100%",
        }
      }
      underlineColorAndroid="transparent"
      value=""
    />
    <TextInput
      allowFontScaling={true}
      onChangeText={[Function]}
      placeholder="Contact No."
      rejectResponderTermination={true}
      style={
        Object {
          "borderBottomWidth": 1,
          "borderColor": "#404040",
          "fontFamily": "Ubuntu",
          "fontSize": 12,
          "height": "8%",
          "marginBottom": "8%",
          "paddingHorizontal": 5,
          "width": "100%",
        }
      }
      underlineColorAndroid="transparent"
      value=""
    />
    <TextInput
      allowFontScaling={true}
      onChangeText={[Function]}
      placeholder="Rating (out of 5)"
      rejectResponderTermination={true}
      style={
        Object {
          "borderBottomWidth": 1,
          "borderColor": "#404040",
          "fontFamily": "Ubuntu",
          "fontSize": 12,
          "height": "8%",
          "marginBottom": "8%",
          "paddingHorizontal": 5,
          "width": "100%",
        }
      }
      underlineColorAndroid="transparent"
      value=""
    />
    <TextInput
      allowFontScaling={true}
      onChangeText={[Function]}
      placeholder="Tags (each tag separated by a space)"
      rejectResponderTermination={true}
      style={
        Object {
          "borderBottomWidth": 1,
          "borderColor": "#404040",
          "fontFamily": "Ubuntu",
          "fontSize": 12,
          "height": "8%",
          "marginBottom": "8%",
          "paddingHorizontal": 5,
          "width": "100%",
        }
      }
      underlineColorAndroid="transparent"
      value=""
    />
  </View>
  <View
    style={
      Object {
        "alignItems": "center",
        "height": "20%",
        "justifyContent": "space-between",
        "marginTop": "10%",
        "width": "100%",
      }
    }
  >
    <View
      style={
        Object {
          "backgroundColor": "#ff6961",
          "borderRadius": 20,
          "elevation": 5,
          "height": 60,
          "shadowColor": "#000",
          "shadowOffset": Object {
            "height": 2,
            "width": 0,
          },
          "shadowOpacity": 0.25,
          "shadowRadius": 3.84,
          "width": 187.5,
        }
      }
    >
      <View
        accessible={true}
        focusable={true}
        isTVSelectable={true}
        onClick={[Function]}
        onResponderGrant={[Function]}
        onResponderMove={[Function]}
        onResponderRelease={[Function]}
        onResponderTerminate={[Function]}
        onResponderTerminationRequest={[Function]}
        onStartShouldSetResponder={[Function]}
        style={
          Object {
            "alignItems": "center",
            "height": "100%",
            "justifyContent": "center",
            "opacity": 1,
            "paddingHorizontal": 20,
            "paddingVertical": 3,
            "width": "100%",
          }
        }
      >
        <Text
          style={
            Object {
              "color": "white",
              "fontFamily": "Ubuntu",
              "fontSize": 12,
            }
          }
        >
          Submit
        </Text>
      </View>
    </View>
    <View
      style={
        Object {
          "backgroundColor": "#ff6961",
          "borderRadius": 20,
          "elevation": 5,
          "height": 60,
          "shadowColor": "#000",
          "shadowOffset": Object {
            "height": 2,
            "width": 0,
          },
          "shadowOpacity": 0.25,
          "shadowRadius": 3.84,
          "width": 187.5,
        }
      }
    >
      <View
        accessible={true}
        focusable={false}
        isTVSelectable={true}
        onClick={[Function]}
        onResponderGrant={[Function]}
        onResponderMove={[Function]}
        onResponderRelease={[Function]}
        onResponderTerminate={[Function]}
        onResponderTerminationRequest={[Function]}
        onStartShouldSetResponder={[Function]}
        style={
          Object {
            "alignItems": "center",
            "height": "100%",
            "justifyContent": "center",
            "opacity": 1,
            "paddingHorizontal": 20,
            "paddingVertical": 3,
            "width": "100%",
          }
        }
      >
        <Text
          style={
            Object {
              "color": "white",
              "fontFamily": "Ubuntu",
              "fontSize": 12,
            }
          }
        >
          Back
        </Text>
      </View>
    </View>
  </View>
</RCTSafeAreaView>
`;
