// Jest Snapshot v1, https://goo.gl/fbAQLP

exports[`renders correctly 1`] = `
<RNCSafeAreaView
  onInsetsChange={[Function]}
  style={
    Object {
      "flex": 1,
    }
  }
>
  <View
    accessible={true}
    focusable={true}
    onClick={[Function]}
    onResponderGrant={[Function]}
    onResponderMove={[Function]}
    onResponderRelease={[Function]}
    onResponderTerminate={[Function]}
    onResponderTerminationRequest={[Function]}
    onStartShouldSetResponder={[Function]}
    style={
      Array [
        Object {
          "alignItems": "center",
          "backgroundColor": "#fff",
          "flex": 1,
          "flexDirection": "column",
          "minHeight": 1334,
        },
        Object {
          "paddingLeft": 0,
          "paddingRight": 0,
          "paddingTop": 0,
        },
      ]
    }
  >
    <View
      accessibilityIgnoresInvertColors={true}
      style={
        Object {
          "bottom": 0,
          "height": 327.33812949640287,
          "position": "absolute",
          "width": "100%",
        }
      }
    >
      <Image
        source={1}
        style={
          Array [
            Object {
              "bottom": 0,
              "left": 0,
              "position": "absolute",
              "right": 0,
              "top": 0,
            },
            Object {
              "height": 327.33812949640287,
              "width": "100%",
            },
            undefined,
          ]
        }
      />
    </View>
    <View
      style={
        Object {
          "alignSelf": "flex-start",
          "margin": "2%",
        }
      }
    >
      <View
        accessible={true}
        focusable={true}
        isTVSelectable={true}
        onClick={[Function]}
        onResponderGrant={[Function]}
        onResponderMove={[Function]}
        onResponderRelease={[Function]}
        onResponderTerminate={[Function]}
        onResponderTerminationRequest={[Function]}
        onStartShouldSetResponder={[Function]}
        style={
          Object {
            "alignItems": "center",
            "height": 75,
            "justifyContent": "center",
            "opacity": 1,
            "width": 75,
          }
        }
      >
        <Image
          source={1}
          style={
            Object {
              "height": 13,
              "width": 15,
            }
          }
        />
      </View>
    </View>
    <Text
      style={
        Object {
          "alignSelf": "center",
          "fontFamily": "Ubuntu-Medium",
          "fontSize": 20,
        }
      }
    >
      Add a Dish
    </Text>
    <View
      onLayout={[Function]}
      style={
        Array [
          Object {
            "alignItems": "center",
            "height": "23%",
            "justifyContent": "space-between",
            "position": "relative",
            "top": "20%",
            "width": "80%",
          },
          Object {
            "paddingBottom": 0,
          },
        ]
      }
    >
      <TextInput
        allowFontScaling={true}
        onChangeText={[Function]}
        placeholder="Title"
        placeholderTextColor="#404040"
        rejectResponderTermination={true}
        style={
          Object {
            "backgroundColor": "#d9d9d9",
            "borderRadius": 262.5,
            "color": "#404040",
            "fontFamily": "Ubuntu",
            "fontSize": 12,
            "fontWeight": "normal",
            "height": 82.5,
            "paddingHorizontal": "5%",
            "width": 600,
          }
        }
        underlineColorAndroid="transparent"
        value=""
      />
      <TextInput
        allowFontScaling={true}
        onChangeText={[Function]}
        placeholder="Desc"
        placeholderTextColor="#404040"
        rejectResponderTermination={true}
        style={
          Object {
            "backgroundColor": "#d9d9d9",
            "borderRadius": 262.5,
            "color": "#404040",
            "fontFamily": "Ubuntu",
            "fontSize": 12,
            "fontWeight": "normal",
            "height": 82.5,
            "paddingHorizontal": "5%",
            "width": 600,
          }
        }
        underlineColorAndroid="transparent"
        value=""
      />
      <TextInput
        allowFontScaling={true}
        onChangeText={[Function]}
        placeholder="5"
        placeholderTextColor="#404040"
        rejectResponderTermination={true}
        style={
          Object {
            "backgroundColor": "#d9d9d9",
            "borderRadius": 262.5,
            "color": "#404040",
            "fontFamily": "Ubuntu",
            "fontSize": 12,
            "fontWeight": "normal",
            "height": 82.5,
            "paddingHorizontal": "5%",
            "width": 600,
          }
        }
        underlineColorAndroid="transparent"
        value=""
      />
    </View>
    <View
      style={
        Object {
          "alignItems": "center",
          "flexDirection": "row",
          "height": "15%",
          "justifyContent": "space-evenly",
          "position": "relative",
          "top": "60%",
          "width": "100%",
        }
      }
    >
      <View
        style={
          Object {
            "backgroundColor": "#ff6961",
            "borderRadius": 20,
            "elevation": 5,
            "height": "30%",
            "shadowColor": "#000",
            "shadowOffset": Object {
              "height": 2,
              "width": 0,
            },
            "shadowOpacity": 0.25,
            "shadowRadius": 3.84,
            "width": "25%",
          }
        }
      >
        <View
          accessible={true}
          focusable={true}
          isTVSelectable={true}
          onClick={[Function]}
          onResponderGrant={[Function]}
          onResponderMove={[Function]}
          onResponderRelease={[Function]}
          onResponderTerminate={[Function]}
          onResponderTerminationRequest={[Function]}
          onStartShouldSetResponder={[Function]}
          style={
            Object {
              "alignItems": "center",
              "height": "100%",
              "justifyContent": "center",
              "opacity": 1,
              "paddingHorizontal": 20,
              "paddingVertical": 3,
              "width": "100%",
            }
          }
        >
          <Text
            style={
              Object {
                "color": "white",
                "fontFamily": "Ubuntu",
                "fontSize": 12,
              }
            }
          >
            Submit
          </Text>
        </View>
      </View>
    </View>
  </View>
</RNCSafeAreaView>
`;
