// Jest Snapshot v1, https://goo.gl/fbAQLP

exports[`renders correctly 1`] = `
<RNCSafeAreaView
  onInsetsChange={[Function]}
  style={
    Object {
      "flex": 1,
    }
  }
>
  <View
    style={
      Array [
        Object {
          "alignItems": "center",
          "flex": 1,
          "justifyContent": "center",
        },
        undefined,
      ]
    }
  >
    <Image
      source={1}
      style={
        Object {
          "height": 50,
          "transform": Array [
            Object {
              "rotate": "0deg",
            },
          ],
          "width": 50,
        }
      }
    />
  </View>
</RNCSafeAreaView>
`;
