// Jest Snapshot v1, https://goo.gl/fbAQLP

exports[`renders correctly 1`] = `
<View>
  <View
    accessible={true}
    focusable={false}
    isTVSelectable={true}
    onClick={[Function]}
    onResponderGrant={[Function]}
    onResponderMove={[Function]}
    onResponderRelease={[Function]}
    onResponderTerminate={[Function]}
    onResponderTerminationRequest={[Function]}
    onStartShouldSetResponder={[Function]}
    style={
      Object {
        "alignItems": "flex-start",
        "height": 50,
        "justifyContent": "flex-start",
        "opacity": 1,
        "width": 50,
      }
    }
  >
    <Image
      source={1}
      style={
        Object {
          "height": 13,
          "width": 15,
        }
      }
    />
  </View>
</View>
`;
