// Jest Snapshot v1, https://goo.gl/fbAQLP

exports[`renders correctly 1`] = `
<View
  accessible={true}
  focusable={false}
  isTVSelectable={true}
  onClick={[Function]}
  onResponderGrant={[Function]}
  onResponderMove={[Function]}
  onResponderRelease={[Function]}
  onResponderTerminate={[Function]}
  onResponderTerminationRequest={[Function]}
  onStartShouldSetResponder={[Function]}
  style={
    Object {
      "alignSelf": "center",
      "backgroundColor": "white",
      "borderBottomWidth": 0.5,
      "borderColor": "#b3b3b3",
      "height": 133.4,
      "justifyContent": "space-evenly",
      "opacity": 1,
      "paddingHorizontal": "3%",
      "width": "100%",
    }
  }
>
  <View
    style={
      Object {
        "alignItems": "center",
        "flexDirection": "row",
        "height": "30%",
        "justifyContent": "space-between",
        "width": "100%",
      }
    }
  >
    <Text
      style={
        Object {
          "color": "#404040",
          "fontFamily": "Ubuntu-Bold",
          "fontSize": 20,
        }
      }
    >
      Title
    </Text>
    <Text
      style={
        Object {
          "color": "#404040",
          "fontFamily": "Ubuntu",
          "fontSize": 20,
        }
      }
    >
      $
      5
    </Text>
  </View>
  <View
    style={
      Object {
        "flexDirection": "row",
      }
    }
  >
    <Text
      style={
        Object {
          "alignSelf": "flex-start",
          "color": "#7e7e7e",
          "fontFamily": "Ubuntu",
          "fontSize": 11,
          "width": "75%",
        }
      }
    >
      Desc
    </Text>
    <View
      style={
        Object {
          "flexDirection": "row",
          "justifyContent": "space-between",
          "width": "20%",
        }
      }
    >
      <View
        accessible={true}
        focusable={true}
        isTVSelectable={true}
        onClick={[Function]}
        onResponderGrant={[Function]}
        onResponderMove={[Function]}
        onResponderRelease={[Function]}
        onResponderTerminate={[Function]}
        onResponderTerminationRequest={[Function]}
        onStartShouldSetResponder={[Function]}
        style={
          Object {
            "opacity": 1,
          }
        }
      >
        <View
          style={
            Array [
              Object {
                "backgroundColor": "#ff6961",
                "borderRadius": 10,
                "marginRight": 5,
              },
              Object {
                "backgroundColor": "#ff6961",
              },
            ]
          }
        >
          <Text
            style={
              Object {
                "color": "white",
                "fontFamily": "Ubuntu-Bold",
                "fontSize": 10,
                "paddingHorizontal": 9,
                "paddingVertical": 3,
              }
            }
          >
            Edit
          </Text>
        </View>
      </View>
      <View
        accessible={true}
        focusable={true}
        isTVSelectable={true}
        onClick={[Function]}
        onResponderGrant={[Function]}
        onResponderMove={[Function]}
        onResponderRelease={[Function]}
        onResponderTerminate={[Function]}
        onResponderTerminationRequest={[Function]}
        onStartShouldSetResponder={[Function]}
        style={
          Object {
            "opacity": 1,
          }
        }
      >
        <View
          style={
            Array [
              Object {
                "backgroundColor": "#ff6961",
                "borderRadius": 10,
                "marginRight": 5,
              },
              Object {
                "backgroundColor": "#ff6961",
              },
            ]
          }
        >
          <Text
            style={
              Object {
                "color": "white",
                "fontFamily": "Ubuntu-Bold",
                "fontSize": 10,
                "paddingHorizontal": 9,
                "paddingVertical": 3,
              }
            }
          >
            Delete
          </Text>
        </View>
      </View>
    </View>
  </View>
</View>
`;
