// Jest Snapshot v1, https://goo.gl/fbAQLP

exports[`renders correctly 1`] = `
<View
  accessible={true}
  focusable={false}
  isTVSelectable={true}
  onClick={[Function]}
  onResponderGrant={[Function]}
  onResponderMove={[Function]}
  onResponderRelease={[Function]}
  onResponderTerminate={[Function]}
  onResponderTerminationRequest={[Function]}
  onStartShouldSetResponder={[Function]}
  style={
    Object {
      "opacity": 1,
    }
  }
>
  <View
    style={
      Object {
        "backgroundColor": "#ff6961",
        "borderRadius": 10,
        "marginRight": 5,
      }
    }
  >
    <Text
      style={
        Object {
          "color": "white",
          "fontFamily": "Ubuntu-Bold",
          "fontSize": 10,
          "paddingHorizontal": 9,
          "paddingVertical": 3,
        }
      }
    />
  </View>
</View>
`;
